Alternative 1 Catch
     EBS_Pollock_2024 
Equil_Fabc 1620.97 
Year 
2025 1350 
2026 1350 
2027 1874.52 
2028 1685.43 
2029 1702.29 
2030 1690.31 
2031 1667.95 
2032 1636.11 
2033 1617.74 
2034 1610.55 
2035 1598.34 
2036 1581.88 
2037 1574.22 
2038 1572.43 

Alternative 1 ABCs
     EBS_Pollock_2024 

Year 
2025 2465.41 
2026 2088.78 
2027 1874.52 
2028 1685.43 
2029 1702.29 
2030 1690.31 
2031 1667.95 
2032 1636.11 
2033 1617.74 
2034 1610.55 
2035 1598.34 
2036 1581.88 
2037 1574.22 
2038 1572.43 

Alternative 1 TACs
     EBS_Pollock_2024 

Year 
2025  NA 
2026  NA 
2027 1874.52 
2028 1685.43 
2029 1702.29 
2030 1690.31 
2031 1667.95 
2032 1636.11 
2033 1617.74 
2034 1610.55 
2035 1598.34 
2036 1581.88 
2037 1574.22 
2038 1572.43 

Alternative 1 Sp_Biomass
     EBS_Pollock_2024 
Equil_Fabc 2377.79 
Year 
2025 2993.01 
2026 2695.76 
2027 2591.19 
2028 2608.5 
2029 2607.15 
2030 2570.25 
2031 2537.03 
2032 2523.83 
2033 2517.54 
2034 2494.61 
2035 2477.52 
2036 2458.86 
2037 2452.81 
2038 2468.91 

Alternative 1 Fishing Mortality
     EBS_Pollock_2024 
Equil_Fabc 0.398328 
Year 
2025 0.195071 
2026 0.236237 
2027 0.398328 
2028 0.398328 
2029 0.387481 
2030 0.373823 
2031 0.36783 
2032 0.364816 
2033 0.362968 
2034 0.361062 
2035 0.361242 
2036 0.359928 
2037 0.359247 
2038 0.359105 

Alternative 1 Biomass
     EBS_Pollock_2024 

Year 
2025 12386.5 
2026 12446.8 
2027 12700.7 
2028 12493 
2029 12462.1 
2030 12337.4 
2031 12191.9 
2032 12095.7 
2033 12020.4 
2034 11920.9 
2035 11896.1 
2036 11889.7 
2037 11876.6 
2038 11881 

Alternative 1 Implied SPR rate 
     EBS_Pollock_2024 
Equil_Fabc 0.4 
Year 
2025 0.549535 
2026 0.507914 
2027 0.4 
2028 0.4 
2029 0.405694 
2030 0.413652 
2031 0.417471 
2032 0.419489 
2033 0.420684 
2034 0.422134 
2035 0.421763 
2036 0.422799 
2037 0.423173 
2038 0.423351 

  EBS_Pollock_2024 
EquilAvgAgeF0  3.1555 
EquilAvgAgeFabc  2.25503 
AvgAgeYr2038 36.2177 
Alternative 2 Catch
     EBS_Pollock_2024 
Equil_Fabc 1620.97 
Year 
2025 1350 
2026 1350 
2027 1874.52 
2028 1685.43 
2029 1702.29 
2030 1690.31 
2031 1667.95 
2032 1636.11 
2033 1617.74 
2034 1610.55 
2035 1598.34 
2036 1581.88 
2037 1574.22 
2038 1572.43 

Alternative 2 ABCs
     EBS_Pollock_2024 

Year 
2025 2465.41 
2026 2088.78 
2027 1874.52 
2028 1685.43 
2029 1702.29 
2030 1690.31 
2031 1667.95 
2032 1636.11 
2033 1617.74 
2034 1610.55 
2035 1598.34 
2036 1581.88 
2037 1574.22 
2038 1572.43 

Alternative 2 TACs
     EBS_Pollock_2024 

Year 
2025  NA 
2026  NA 
2027 1874.52 
2028 1685.43 
2029 1702.29 
2030 1690.31 
2031 1667.95 
2032 1636.11 
2033 1617.74 
2034 1610.55 
2035 1598.34 
2036 1581.88 
2037 1574.22 
2038 1572.43 

Alternative 2 Sp_Biomass
     EBS_Pollock_2024 
Equil_Fabc 2377.79 
Year 
2025 2993.01 
2026 2695.76 
2027 2591.19 
2028 2608.5 
2029 2607.15 
2030 2570.25 
2031 2537.03 
2032 2523.83 
2033 2517.54 
2034 2494.61 
2035 2477.52 
2036 2458.86 
2037 2452.81 
2038 2468.91 

Alternative 2 Fishing Mortality
     EBS_Pollock_2024 
Equil_Fabc 0.398328 
Year 
2025 0.195071 
2026 0.236237 
2027 0.398328 
2028 0.398328 
2029 0.387481 
2030 0.373823 
2031 0.36783 
2032 0.364816 
2033 0.362968 
2034 0.361062 
2035 0.361242 
2036 0.359928 
2037 0.359247 
2038 0.359105 

Alternative 2 Biomass
     EBS_Pollock_2024 

Year 
2025 12386.5 
2026 12446.8 
2027 12700.7 
2028 12493 
2029 12462.1 
2030 12337.4 
2031 12191.9 
2032 12095.7 
2033 12020.4 
2034 11920.9 
2035 11896.1 
2036 11889.7 
2037 11876.6 
2038 11881 

Alternative 2 Implied SPR rate 
     EBS_Pollock_2024 
Equil_Fabc 0.4 
Year 
2025 0.549535 
2026 0.507914 
2027 0.4 
2028 0.4 
2029 0.405694 
2030 0.413652 
2031 0.417471 
2032 0.419489 
2033 0.420684 
2034 0.422134 
2035 0.421763 
2036 0.422799 
2037 0.423173 
2038 0.423351 

  EBS_Pollock_2024 
EquilAvgAgeF0  3.1555 
EquilAvgAgeFabc  2.25503 
AvgAgeYr2038 36.2177 
Alternative 3 Catch
     EBS_Pollock_2024 
Equil_Fabc 1620.97 
Year 
2025 1350 
2026 1350 
2027 1099.42 
2028 1114.27 
2029 1223.69 
2030 1302.41 
2031 1337.5 
2032 1335.87 
2033 1328.9 
2034 1326.51 
2035 1316.78 
2036 1307.03 
2037 1300.01 
2038 1294.85 

Alternative 3 ABCs
     EBS_Pollock_2024 

Year 
2025 2465.41 
2026 2088.78 
2027 1874.52 
2028 1913.97 
2029 2103.93 
2030 2218.14 
2031 2259.72 
2032 2249.47 
2033 2233.83 
2034 2228.29 
2035 2210.47 
2036 2192.94 
2037 2180.56 
2038 2170.68 

Alternative 3 TACs
     EBS_Pollock_2024 

Year 
2025  NA 
2026  NA 
2027 1099.42 
2028 1114.27 
2029 1223.69 
2030 1302.41 
2031 1337.5 
2032 1335.87 
2033 1328.9 
2034 1326.51 
2035 1316.78 
2036 1307.03 
2037 1300.01 
2038 1294.85 

Alternative 3 Sp_Biomass
     EBS_Pollock_2024 
Equil_Fabc 2377.79 
Year 
2025 2993.01 
2026 2695.76 
2027 2694.23 
2028 2974.41 
2029 3132.29 
2030 3193.21 
2031 3212.27 
2032 3219.45 
2033 3217.2 
2034 3191.64 
2035 3169.42 
2036 3145.86 
2037 3132.14 
2038 3142.34 

Alternative 3 Fishing Mortality
     EBS_Pollock_2024 
Equil_Fabc 0.398328 
Year 
2025 0.195071 
2026 0.236237 
2027 0.214787 
2028 0.214787 
2029 0.214787 
2030 0.214787 
2031 0.214787 
2032 0.214787 
2033 0.214787 
2034 0.214787 
2035 0.214787 
2036 0.214787 
2037 0.214787 
2038 0.214787 

Alternative 3 Biomass
     EBS_Pollock_2024 

Year 
2025 12386.5 
2026 12446.8 
2027 12700.7 
2028 13233.8 
2029 13634.5 
2030 13755.2 
2031 13733.5 
2032 13682.3 
2033 13616 
2034 13509.1 
2035 13469.6 
2036 13452.2 
2037 13422.3 
2038 13412.7 

Alternative 3 Implied SPR rate 
     EBS_Pollock_2024 
Equil_Fabc 0.4 
Year 
2025 0.549535 
2026 0.507914 
2027 0.528537 
2028 0.528537 
2029 0.528537 
2030 0.528537 
2031 0.528537 
2032 0.528537 
2033 0.528537 
2034 0.528537 
2035 0.528537 
2036 0.528537 
2037 0.528537 
2038 0.528537 

  EBS_Pollock_2024 
EquilAvgAgeF0  3.1555 
EquilAvgAgeFabc  2.25503 
AvgAgeYr2038 38.4332 
Alternative 4 Catch
     EBS_Pollock_2024 
Equil_Fabc 1620.97 
Year 
2025 1350 
2026 1350 
2027 815.504 
2028 862.697 
2029 972.151 
2030 1057.69 
2031 1108.01 
2032 1122.12 
2033 1125.29 
2034 1128.36 
2035 1124.05 
2036 1118.32 
2037 1113.55 
2038 1109.35 

Alternative 4 ABCs
     EBS_Pollock_2024 

Year 
2025 2465.41 
2026 2088.78 
2027 1874.52 
2028 1999.64 
2029 2254.74 
2030 2434.7 
2031 2532.88 
2032 2558.14 
2033 2563.83 
2034 2570.1 
2035 2558.26 
2036 2544.6 
2037 2535.29 
2038 2526.22 

Alternative 4 TACs
     EBS_Pollock_2024 

Year 
2025  NA 
2026  NA 
2027 815.504 
2028 862.697 
2029 972.151 
2030 1057.69 
2031 1108.01 
2032 1122.12 
2033 1125.29 
2034 1128.36 
2035 1124.05 
2036 1118.32 
2037 1113.55 
2038 1109.35 

Alternative 4 Sp_Biomass
     EBS_Pollock_2024 
Equil_Fabc 2377.79 
Year 
2025 2993.01 
2026 2695.76 
2027 2729.15 
2028 3114.03 
2029 3352.17 
2030 3479.48 
2031 3551.42 
2032 3595.32 
2033 3615.97 
2034 3604.01 
2035 3589.45 
2036 3570.44 
2037 3557.69 
2038 3567.7 

Alternative 4 Fishing Mortality
     EBS_Pollock_2024 
Equil_Fabc 0.398328 
Year 
2025 0.195071 
2026 0.236237 
2027 0.154816 
2028 0.154816 
2029 0.154816 
2030 0.154816 
2031 0.154816 
2032 0.154816 
2033 0.154816 
2034 0.154816 
2035 0.154816 
2036 0.154816 
2037 0.154816 
2038 0.154816 

Alternative 4 Biomass
     EBS_Pollock_2024 

Year 
2025 12386.5 
2026 12446.8 
2027 12700.7 
2028 13505.7 
2029 14102 
2030 14373.6 
2031 14471.6 
2032 14502.8 
2033 14488.7 
2034 14411.9 
2035 14389.2 
2036 14381.7 
2037 14355 
2038 14345.1 

Alternative 4 Implied SPR rate 
     EBS_Pollock_2024 
Equil_Fabc 0.4 
Year 
2025 0.549535 
2026 0.507914 
2027 0.6 
2028 0.6 
2029 0.6 
2030 0.6 
2031 0.6 
2032 0.6 
2033 0.6 
2034 0.6 
2035 0.6 
2036 0.6 
2037 0.6 
2038 0.6 

  EBS_Pollock_2024 
EquilAvgAgeF0  3.1555 
EquilAvgAgeFabc  2.25503 
AvgAgeYr2038 39.6664 
Alternative 5 Catch
     EBS_Pollock_2024 
Equil_Fabc 1620.97 
Year 
2025 1350 
2026 1350 
2027  NA 
2028  NA 
2029  NA 
2030  NA 
2031  NA 
2032  NA 
2033  NA 
2034  NA 
2035  NA 
2036  NA 
2037  NA 
2038  NA 

Alternative 5 ABCs
     EBS_Pollock_2024 

Year 
2025 2465.41 
2026 2088.78 
2027 1874.52 
2028 2250.7 
2029 2741.22 
2030 3163.66 
2031 3510.23 
2032 3745.92 
2033 3915.43 
2034 4045.94 
2035 4127.47 
2036 4184.75 
2037 4228.56 
2038 4253.14 

Alternative 5 TACs
     EBS_Pollock_2024 

Year 
2025  NA 
2026  NA 
2027  NA 
2028  NA 
2029  NA 
2030  NA 
2031  NA 
2032  NA 
2033  NA 
2034  NA 
2035  NA 
2036  NA 
2037  NA 
2038  NA 

Alternative 5 Sp_Biomass
     EBS_Pollock_2024 
Equil_Fabc 2377.79 
Year 
2025 2993.01 
2026 2695.76 
2027 2822.28 
2028 3531.16 
2029 4072.37 
2030 4496.77 
2031 4851.73 
2032 5145.99 
2033 5372.01 
2034 5520.73 
2035 5628.7 
2036 5707.16 
2037 5761.13 
2038 5818.61 

Alternative 5 Fishing Mortality
     EBS_Pollock_2024 
Equil_Fabc 0.398328 
Year 
2025 0.195071 
2026 0.236237 
2027  NA 
2028  NA 
2029  NA 
2030  NA 
2031  NA 
2032  NA 
2033  NA 
2034  NA 
2035  NA 
2036  NA 
2037  NA 
2038  NA 

Alternative 5 Biomass
     EBS_Pollock_2024 

Year 
2025 12386.5 
2026 12446.8 
2027 12700.7 
2028 14288.3 
2029 15573.6 
2030 16482.4 
2031 17185.6 
2032 17745.7 
2033 18170.7 
2034 18433.2 
2035 18669.5 
2036 18866.5 
2037 18987 
2038 19077.1 

Alternative 5 Implied SPR rate 
     EBS_Pollock_2024 
Equil_Fabc 0.4 
Year 
2025 0.549535 
2026 0.507914 
2027 1 
2028 1 
2029 1 
2030 1 
2031 1 
2032 1 
2033 1 
2034 1 
2035 1 
2036 1 
2037 1 
2038 1 

  EBS_Pollock_2024 
EquilAvgAgeF0  3.1555 
EquilAvgAgeFabc  2.25503 
AvgAgeYr2038 45.1019 
Alternative 6 Catch
     EBS_Pollock_2024 
Equil_Fabc 1620.97 
Year 
2025 1350 
2026 2562.22 
2027 1695.51 
2028 1698.65 
2029 1775.36 
2030 1785.88 
2031 1762.98 
2032 1733.16 
2033 1714.59 
2034 1707.7 
2035 1692.99 
2036 1674.39 
2037 1669.7 
2038 1669.53 

Alternative 6 ABCs
     EBS_Pollock_2024 

Year 
2025 2465.41 
2026 2088.78 
2027 1382.09 
2028 1371.67 
2029 1427.75 
2030 1438.16 
2031 1420.71 
2032 1395.15 
2033 1378.39 
2034 1373.98 
2035 1361.87 
2036 1346.35 
2037 1343.18 
2038 1342.8 

Alternative 6 TACs
     EBS_Pollock_2024 

Year 
2025  NA 
2026 2562.22 
2027 1695.51 
2028 1698.65 
2029 1775.36 
2030 1785.88 
2031 1762.98 
2032 1733.16 
2033 1714.59 
2034 1707.7 
2035 1692.99 
2036 1674.39 
2037 1669.7 
2038 1669.53 

Alternative 6 Sp_Biomass
     EBS_Pollock_2024 
Equil_Fabc 2377.79 
Year 
2025 2993.01 
2026 2506.56 
2027 2143.32 
2028 2280.07 
2029 2323.08 
2030 2301.38 
2031 2272.97 
2032 2264.25 
2033 2261.2 
2034 2240.95 
2035 2226.41 
2036 2210.55 
2037 2207.65 
2038 2225.18 

Alternative 6 Fishing Mortality
     EBS_Pollock_2024 
Equil_Fabc 0.398328 
Year 
2025 0.195071 
2026 0.51939 
2027 0.465538 
2028 0.489301 
2029 0.474418 
2030 0.458855 
2031 0.452252 
2032 0.449626 
2033 0.446765 
2034 0.443921 
2035 0.443686 
2036 0.441621 
2037 0.441003 
2038 0.440708 

Alternative 6 Biomass
     EBS_Pollock_2024 

Year 
2025 12386.5 
2026 12446.8 
2027 11541.1 
2028 11688.1 
2029 11771.9 
2030 11693.9 
2031 11562.5 
2032 11478.3 
2033 11410.1 
2034 11317.1 
2035 11299.2 
2036 11299.3 
2037 11294.3 
2038 11302.2 

Alternative 6 Implied SPR rate 
     EBS_Pollock_2024 
Equil_Fabc 0.4 
Year 
2025 0.549535 
2026 0.35 
2027 0.370187 
2028 0.361146 
2029 0.367712 
2030 0.375202 
2031 0.378652 
2032 0.380171 
2033 0.381569 
2034 0.382843 
2035 0.383 
2036 0.38382 
2037 0.384099 
2038 0.384306 

  EBS_Pollock_2024 
EquilAvgAgeF0  3.1555 
EquilAvgAgeFabc  2.25503 
AvgAgeYr2038 35.1365 
Alternative 7 Catch
     EBS_Pollock_2024 
Equil_Fabc 1620.97 
Year 
2025 1350 
2026 2088.78 
2027 1613.07 
2028 1935.68 
2029 1862.09 
2030 1816.44 
2031 1771.8 
2032 1734.72 
2033 1714.45 
2034 1707.47 
2035 1692.88 
2036 1674.36 
2037 1669.69 
2038 1669.53 

Alternative 7 ABCs
     EBS_Pollock_2024 

Year 
2025 2465.41 
2026 2088.78 
2027 1613.07 
2028 1560.59 
2029 1498.78 
2030 1463.3 
2031 1428.07 
2032 1396.46 
2033 1378.27 
2034 1373.78 
2035 1361.78 
2036 1346.32 
2037 1343.18 
2038 1342.8 

Alternative 7 TACs
     EBS_Pollock_2024 

Year 
2025  NA 
2026 2562.22 
2027 1967.28 
2028 1935.68 
2029 1862.09 
2030 1816.44 
2031 1771.8 
2032 1734.72 
2033 1714.45 
2034 1707.47 
2035 1692.88 
2036 1674.36 
2037 1669.69 
2038 1669.53 

Alternative 7 Sp_Biomass
     EBS_Pollock_2024 
Equil_Fabc 2377.79 
Year 
2025 2993.01 
2026 2585.26 
2027 2336.75 
2028 2432.21 
2029 2380.5 
2030 2321.09 
2031 2278.42 
2032 2265.24 
2033 2261.19 
2034 2240.86 
2035 2226.37 
2036 2210.54 
2037 2207.65 
2038 2225.18 

Alternative 7 Fishing Mortality
     EBS_Pollock_2024 
Equil_Fabc 0.398328 
Year 
2025 0.195071 
2026 0.398328 
2027 0.391087 
2028 0.512293 
2029 0.481656 
2030 0.461135 
2031 0.452837 
2032 0.449726 
2033 0.446755 
2034 0.443906 
2035 0.443679 
2036 0.441619 
2037 0.441002 
2038 0.440708 

Alternative 7 Biomass
     EBS_Pollock_2024 

Year 
2025 12386.5 
2026 12446.8 
2027 11992.6 
2028 12149.3 
2029 11935.3 
2030 11746.3 
2031 11575.5 
2032 11480 
2033 11409.6 
2034 11316.7 
2035 11299 
2036 11299.3 
2037 11294.3 
2038 11302.2 

Alternative 7 Implied SPR rate 
     EBS_Pollock_2024 
Equil_Fabc 0.4 
Year 
2025 0.549535 
2026 0.4 
2027 0.403589 
2028 0.352544 
2029 0.364701 
2030 0.374177 
2031 0.378381 
2032 0.380126 
2033 0.381575 
2034 0.38285 
2035 0.383003 
2036 0.383821 
2037 0.384099 
2038 0.384306 

  EBS_Pollock_2024 
EquilAvgAgeF0  3.1555 
EquilAvgAgeFabc  2.25503 
AvgAgeYr2038 35.2765 
